// Jest Snapshot v1, https://goo.gl/fbAQLP

exports[`matches snapshot 1`] = `
<DocumentFragment>
  <div
    class="makeStyles-root-29"
  >
    <header
      class="MuiPaper-root MuiAppBar-root MuiAppBar-positionStatic MuiAppBar-colorPrimary MuiPaper-elevation4"
    >
      <div
        class="MuiToolbar-root MuiToolbar-regular MuiToolbar-gutters"
      >
        <a
          class="MuiTypography-root makeStyles-title-31 MuiTypography-h5"
          href="/"
        >
          Jobly
        </a>
        <a
          aria-disabled="false"
          class="MuiButtonBase-root MuiButton-root MuiButton-text MuiButton-colorInherit"
          href="/login"
          role="button"
          tabindex="0"
        >
          <span
            class="MuiButton-label"
          >
            login / signup
          </span>
          <span
            class="MuiTouchRipple-root"
          />
        </a>
      </div>
    </header>
  </div>
</DocumentFragment>
`;
