// Jest Snapshot v1, https://goo.gl/fbAQLP

exports[`matches snapshot 1`] = `
<DocumentFragment>
  <div
    class="makeStyles-root-31"
  >
    <header
      class="MuiPaper-root MuiAppBar-root MuiAppBar-positionStatic MuiAppBar-colorPrimary MuiPaper-elevation4"
    >
      <div
        class="MuiToolbar-root MuiToolbar-regular MuiToolbar-gutters"
      >
        <a
          class="MuiTypography-root makeStyles-title-33 MuiTypography-h5"
          href="/"
        >
          Jobly
        </a>
        <a
          aria-disabled="false"
          class="MuiButtonBase-root MuiButton-root MuiButton-text MuiButton-colorInherit"
          href="/login"
          role="button"
          tabindex="0"
        >
          <span
            class="MuiButton-label"
          >
            login / signup
          </span>
          <span
            class="MuiTouchRipple-root"
          />
        </a>
      </div>
    </header>
  </div>
  <main
    class="makeStyles-root-30"
  >
    <div
      class="MuiContainer-root makeStyles-root-35 MuiContainer-maxWidthLg"
    >
      <span
        class="MuiBox-root MuiBox-root-41 makeStyles-err-40"
      >
        Error: Invalid credentials
      </span>
      <header
        class="MuiPaper-root MuiAppBar-root MuiAppBar-positionStatic MuiAppBar-colorPrimary MuiPaper-elevation4"
      >
        <div
          class="MuiTabs-root"
        >
          <div
            class="MuiTabs-scroller MuiTabs-fixed"
            style="overflow: hidden;"
          >
            <div
              aria-label="nav tabs example"
              class="MuiTabs-flexContainer"
              role="tablist"
            >
              <a
                aria-disabled="false"
                aria-selected="true"
                class="MuiButtonBase-root MuiTab-root MuiTab-textColorInherit Mui-selected MuiTab-fullWidth"
                role="tab"
                tabindex="0"
              >
                <span
                  class="MuiTab-wrapper"
                >
                  Login
                </span>
                <span
                  class="MuiTouchRipple-root"
                />
              </a>
              <a
                aria-disabled="false"
                aria-selected="false"
                class="MuiButtonBase-root MuiTab-root MuiTab-textColorInherit MuiTab-fullWidth"
                role="tab"
                tabindex="-1"
              >
                <span
                  class="MuiTab-wrapper"
                >
                  Sign up
                </span>
                <span
                  class="MuiTouchRipple-root"
                />
              </a>
            </div>
            <span
              class="PrivateTabIndicator-root-42 PrivateTabIndicator-colorSecondary-44 MuiTabs-indicator"
              style="left: 0px; width: 0px;"
            />
          </div>
        </div>
      </header>
      <form
        class="makeStyles-form-36"
      >
        <p
          class="MuiFormHelperText-root makeStyles-label-37"
        >
          Username
        </p>
        <div
          class="MuiInputBase-root MuiOutlinedInput-root makeStyles-input-38"
          variant="outlined"
        >
          <input
            class="MuiInputBase-input MuiOutlinedInput-input"
            id="username"
            name="username"
            type="text"
            value=""
          />
          <fieldset
            aria-hidden="true"
            class="PrivateNotchedOutline-root-46 MuiOutlinedInput-notchedOutline"
            style="padding-left: 8px;"
          >
            <legend
              class="PrivateNotchedOutline-legend-47"
              style="width: 0.01px;"
            >
              <span>
                ​
              </span>
            </legend>
          </fieldset>
        </div>
        <p
          class="MuiFormHelperText-root makeStyles-label-37"
        >
          Password
        </p>
        <div
          class="MuiInputBase-root MuiOutlinedInput-root makeStyles-input-38"
          variant="outlined"
        >
          <input
            class="MuiInputBase-input MuiOutlinedInput-input"
            id="password"
            name="password"
            type="password"
            value=""
          />
          <fieldset
            aria-hidden="true"
            class="PrivateNotchedOutline-root-46 MuiOutlinedInput-notchedOutline"
            style="padding-left: 8px;"
          >
            <legend
              class="PrivateNotchedOutline-legend-47"
              style="width: 0.01px;"
            >
              <span>
                ​
              </span>
            </legend>
          </fieldset>
        </div>
        <div
          class="makeStyles-button-39"
        >
          <button
            class="MuiButtonBase-root MuiButton-root MuiButton-contained MuiButton-containedPrimary"
            tabindex="0"
            type="button"
          >
            <span
              class="MuiButton-label"
            >
              Submit
            </span>
            <span
              class="MuiTouchRipple-root"
            />
          </button>
        </div>
      </form>
    </div>
  </main>
</DocumentFragment>
`;
